[
  {
    "name": "LAN1",
    "kind": "lan",
    "admin_up": true,
    "link_up": true,
    "mac": "00:A0:DE:AB:CD:01",
    "ipv4": "192.168.1.254/24",
    "mtu": 1500
  },
  {
    "name": "LAN2",
    "kind": "lan",
    "admin_up": false,
    "link_up": false,
    "mac": "00:A0:DE:AB:CD:02",
    "mtu": 1500
  },
  {
    "name": "WAN1",
    "kind": "wan",
    "admin_up": true,
    "link_up": true,
    "mac": "00:A0:DE:AB:CD:03",
    "ipv4": "203.0.113.1/30",
    "ipv6": "2001:db8::1/64",
    "mtu": 1500
  },
  {
    "name": "PP1",
    "kind": "pp",
    "admin_up": true,
    "link_up": true,
    "mtu": 1454
  },
  {
    "name": "VLAN10",
    "kind": "vlan",
    "admin_up": true,
    "link_up": true,
    "mac": "00:A0:DE:AB:CD:04",
    "ipv4": "10.10.10.1/24",
    "mtu": 1500
  }
]